C51 COMPILER V9.00   TIMER                                                                 01/20/2014 14:45:32 PAGE 1   


C51 COMPILER V9.00, COMPILATION OF MODULE TIMER
OBJECT MODULE PLACED IN .\bin\timer.obj
COMPILER INVOKED BY: C:\Keil\C51\BIN\C51.EXE src\timer.c BROWSE DEBUG OBJECTEXTEND PRINT(.\lst\timer.lst) TABS(2) OBJECT
                    -(.\bin\timer.obj)

line level    source

   1          #include "platform.h"
   2          
   3          idata unsigned char   ms_TH_value;
   4          idata unsigned char   ms_TL_value;
   5          idata unsigned short  timerCount;
   6          
   7          void InitTimer(void)
   8          {
   9   1        unsigned char   x, *p;
  10   1        unsigned short  us;
  11   1      
  12   1        // 1 ms
  13   1        x = 2;
  14   1        us = 0xFFFF - (2500 * x) + 1;
  15   1        p = (unsigned char *)&us;
  16   1      
  17   1        ms_TH_value = p[0];
  18   1        ms_TL_value = p[1];
  19   1      
  20   1        TH0 = ms_TH_value;
  21   1        TL0 = ms_TL_value;
  22   1      
  23   1        TH1 = ms_TH_value;
  24   1        TL1 = ms_TL_value;
  25   1      
  26   1        //TH2 = ms_TH_value;
  27   1        //TL2 = ms_TL_value;
  28   1        
  29   1        TMOD |= 0x11;   // Timer1 Mode 1, Timer0 Mode 1
  30   1      
  31   1        T1Timeout = 0;
  32   1      
  33   1        IE = IE | 0x0A;
  34   1      }
  35          
  36          void DelayMS(unsigned short msec)
  37          {
  38   1        TR1 = 0;
  39   1      
  40   1        T1Timeout = 0;
  41   1        timerCount = msec;
  42   1      
  43   1        TH1 = ms_TH_value;
  44   1        TL1 = ms_TL_value;
  45   1      
  46   1        TR1 = 1;
  47   1      
  48   1        while( ! T1Timeout );
  49   1      }
  50          
  51          void Timer0_ISR() interrupt 1 // using 3 
  52          {
  53   1        TR0 = 0;
  54   1      }
C51 COMPILER V9.00   TIMER                                                                 01/20/2014 14:45:32 PAGE 2   

  55          
  56          void Timer1_ISR() interrupt 3 // using 3 
  57          {
  58   1        TR1 = 0;
  59   1        TH1 = ms_TH_value;
  60   1        TL1 = ms_TL_value;
  61   1      
  62   1        timerCount--; 
  63   1      
  64   1        if( ! timerCount ) {
  65   2          T1Timeout = 1;
  66   2        }
  67   1        else {
  68   2          TR1 = 1;
  69   2        }
  70   1      }
  71          


MODULE INFORMATION:   STATIC OVERLAYABLE
   CODE SIZE        =    135    ----
   CONSTANT SIZE    =   ----    ----
   XDATA SIZE       =   ----    ----
   PDATA SIZE       =   ----    ----
   DATA SIZE        =   ----       2
   IDATA SIZE       =      4    ----
   BIT SIZE         =   ----    ----
END OF MODULE INFORMATION.


C51 COMPILATION COMPLETE.  0 WARNING(S),  0 ERROR(S)
