C51 COMPILER V9.00   USBDESCRIPTOR                                                         01/22/2014 12:07:26 PAGE 1   


C51 COMPILER V9.00, COMPILATION OF MODULE USBDESCRIPTOR
OBJECT MODULE PLACED IN .\bin\UsbDescriptor.obj
COMPILER INVOKED BY: C:\Keil\C51\BIN\C51.EXE src\UsbDescriptor.c BROWSE DEBUG OBJECTEXTEND PRINT(.\lst\UsbDescriptor.lst
                    -) TABS(2) OBJECT(.\bin\UsbDescriptor.obj)

line level    source

   1          #include "platform.h"
   2          
   3          // Device Descriptor
   4          code unsigned char device_desc[] = {
   5            0x12, //  Length = 18 (0x12)
   6            0x01, //  Device Descriptor Type= 1
   7            0x00, //  USB Version L (.00) 
   8            0x02, //  USB Version H (2.)
   9            0xEF, //  Device Class (EF) Miscellaneous Device Class
  10            0x02, //  Device Sub Class (02) Common Class
  11            0x01, //  Device Protocol (01) Interface association descriptor ;EF 02 01 for Multi-Function Class code  B
             -ruce
  12            0x40, //  Max Packet Size for EP0 = 64
  13            0xBA, //  Vendor ID Low 
  14            0x05, //  Vendor ID High (0x5BA)
  15            0x0B, //  Product ID Low
  16            0x00, //  Product ID High (0x000B)
  17            0x01, //  BCD Device Revision Low
  18            0x01, //  BCD Device Revision High (0x0001)
  19            0x01, //  Manufacturer String Index = 1
  20            0x02, //  Product String Index = 2
  21            0x03, //  Serial Number String = 3
  22            0x01  //  Number of Configurations = 1
  23          };
  24          
  25          // String Descriptor 0, language ID
  26          code unsigned char string_desc0[] = {
  27            0x04,   // Length = 4
  28            0x03,   // String Descriptor Type = 3
  29            0x09,   
  30            0x04    // 0x0409 is Engligh
  31          };
  32          
  33          // String Descriptor 1, manufacturer string
  34          code unsigned char string_desc1[] = {
  35            0x28,   // Length = 0x28
  36            0x03,   // String Descriptor Type = 3
  37            'D',0x00,'I',0x00,'G',0x00,'I',0x00,'T',0x00,'A',0x00,'L',0x00,'P',0x00,
  38            'E',0x00,'R',0x00,'S',0x00,'O',0x00,'N',0x00,'A',0x00,' ',0x00,'I',0x00,
  39            'n',0x00,'c',0x00,'.',0x00
  40          };
  41          
  42          // String Descriptor 2, product string
  43          code unsigned char string_desc2[] = {
  44            0x24,   // Length = 0x24
  45            0x03,   // String Descriptor Type = 3
  46            'U',0x00,'.',0x00,'r',0x00,'.',0x00,'U',0x00,' ',0x00,'5',0x00,'X',0x00,
  47            '0',0x00,'0',0x00,' ',0x00,'B',0x00,'a',0x00,'n',0x00,'n',0x00,'e',0x00,
  48            'r',0x00
  49          };
  50          
  51          // String Descriptor 3, serial string
  52          code unsigned char string_desc3[] = {
  53            0x04,   // Length = 0x04
C51 COMPILER V9.00   USBDESCRIPTOR                                                         01/22/2014 12:07:26 PAGE 2   

  54            0x03,   // String Descriptor Type = 3
  55            '0',0x00
  56          };
  57          
  58          // Device Qualifier Descriptor
  59          code unsigned char Ide_Dvc_QF_D[] = {
  60              0x0A,0x06,0x00,0x02,0x00,0x00,0x00,0x40,
  61              0x01,0x00
  62          };
  63          
  64          
  65          /////////////////////////////////////////////
  66          // UVC configuration Descriptor
  67          code unsigned char UVC_Std_D[] = {
  68              0x09,0x02,0x4B,0x02,0x04,0x01,0x00,0x80,0xFA, // Configuration descriptor
  69                                    //  Descriptor type:          Configuration
  70                                                            //  NumInterface:             0x04 (4 interfaces)
  71                                                            //  ID ofthis Configuration:  0x01                        
  72          
  73          
  74            0x08,0x0B,0x00,0x02,0x0E,0x03,0x00,0x02,    // Standard Video Interface Collection IAD
  75                                                             // Descriptor type:  0x0B (INTERFACE ASSOCIATION DESCRIP
             -TOR)
  76                                     // FunctionClass:    0x0E (CC_VIDEO)
  77                                                             // FunctionSubClass: 0x03 (SC_VIDEO_INTERFACE_COLLECTION
             -)
  78          
  79          
  80            0x09,0x04,0x00,0x00,0x01,0x0E,0x01,0x00,0x02, // Standard VC interface descriptor 
  81                                                             // Descriptor type:   INTERFACE
  82                                     // InterfaceNumber:   0x00 (Index of this interface)
  83                                     // AlternateSetting:  0x00
  84                                     // InterfaceClass:    0x0E (CC_VIDEO) 
  85                                     // InterfaceSubClass: 0x01 (SC_VIDEOCONTROL)
  86                                     // NumEndpoint:     0x01 (1 interrupt endpoint)
  87            
  88            0x0D,0x24,0x01,0x00,0x01,0x4F,0x00,0x80,0xC3,0xC9,0x01,0x01,0x01,// Class-specific VC interface descripto
             -r
  89                                              // Descriptor type:               CS_INTERFACE
  90                                              // Descriptor subtype:            VC_HEADER
  91                                              // Number of streaming interface: 0x01
  92            
  93            0x12,0x24,0x02,0x01,0x01,0x02,0x00,0x00,0x00, // Input Terminal descriptor,
  94            0x00,0x00,0x00,0x00,0x00,0x03,0x0A,0x00,0x00,    //  Descriptor type:     CS_INTERFACE,
  95                                                               //  Descriptor subtype:  VC_INPUT_TERMINAL type
  96                                                               //  ID of this terminal: 1
  97                                       //  Terminal type:       ITT_CAMERA
  98          
  99            
 100            0x0B,0x24,0x05,0x02,0x01,0x00,0x00,0x02,0x7F,0x17,0x00, // Processing Unit
 101                                          // Descriptor type:    CS_INTERFACE
 102                                          // Descriptor subtype: VC_PROCESSING_UNIT
 103                                          // ID ofthis unit:     2
 104            
 105            0x09,0x24,0x03,0x03,0x01,0x01,0x00,0x02,0x00, // Output Terminal descriptor, 
 106                                      // Descriptor type:     CS_INTERFACE
 107                                      // Descriptor subtype:  VC_OUTPUT_TERMINAL type
 108                                                              // ID ofthis unit:      3
 109                                      // Terminal type:       TT_STREAMING
 110          
 111            
 112            0x1C,0x24,0x06,0x04,0x5D,0xC7,0x17,0xA9,0x19,0x41,0xDA,0x11,0xAE,0x0E,// Extension Unit descriptor
C51 COMPILER V9.00   USBDESCRIPTOR                                                         01/22/2014 12:07:26 PAGE 3   

 113            0x00,0x0D,0x56,0xAC,0x7B,0x4C,0x08,0x01,0x01,0x03,0x59,0x80,0x80,0x00, // Descriptor type:    CS_INTERFAC
             -E
 114                                                                                   // Descriptor subtype: VC_EXTENSIO
             -N_UNIT
 115                                                                                   
 116          
 117          
 118          
 119            0x07,0x05,0x84,0x03,0x0A,0x00,0x05,          // Standard Interrupt Endpoint Descriptor
 120                                     // Descriptor type:  ENDPOINT
 121                                     // Endpoint address: 0x81== (IN endpoint 1)
 122                                     // bmAttributes:     0x03 (Interrupt)
 123          
 124              
 125            0x05,0x25,0x03,0x0A,0x00,            //Class-specific interrupt endpoint Descriptor
 126                                    // Descriptor type:    CS_ENDPOINT
 127                                    // Descriptor subtype: EP_INTERRUPT
 128          
 129            
 130            
 131            
 132            0x09,0x04,0x01,0x00,0x00,0x0E,0x02,0x00,0x00,  //Standard VS interface Descriptor (Alternate Setting 0)
 133                                    // Descriptor type:   INTERFACE
 134                                    // InterfaceNumber:   0x01 (index of this interface)
 135                                    // AlternateSetting:  0x00 (index of this Alternate Setting)
 136                                    // NumEndpoint:       0x00
 137                                    // InterfaceClass:    0x0E (CC_VIDEO)
 138                                    // InterfaceSubClass: 0x02 (SC_VIDEOSTREAMING)
 139          
 140          
 141            0x0E,0x24,0x01,0x01,0xDF,0x00,0x86,0x00,0x03,0x02,0x01,0x01,0x01,0x00, // Class-specific VS header descri
             -ptor
 142                                                // Descriptor type:    0x24 (CS_INTERFACE)
 143                                                // Descriptor subtype: 0x01 (VS_INPUT_HEADER)
 144                                                // EndpointAddress:    0x82 ==(Address of the iso endpoint)
 145                                                // StillCaptureMethod: 0x02 (Method 2)
 146          
 147            0x1B,0x24,0x04,0x01,0x05,0x59,0x55,0x59,0x32,0x00,0x00,0x10,0x00,    // Class-specific VS format descript
             -or
 148            0x80,0x00,0x00,0xAA,0x00,0x38,0x9B,0x71,0x10,0x01,0x00,0x00,0x00,0x00,  // Descriptor type:    0x24 (CS_I
             -NTERFACE)
 149                                                // Descriptor subtype: 0x04 (VS_FORMAT_UNCOMPRESSED)                              
 150                                                // NumFrameDescriptor: 0x05 (5 frams descriptors)
 151          
 152          /*
 153            0x1B,0x24,0x04,0x01,0x05,0x7D,0xEB,0x36,0xE4,0x4F,0x52,0xCE,0x11,    // Class-specific VS format descript
             -or
 154            0x9F,0x53,0x00,0x20,0xAF,0x0B,0xA7,0x70,0x10,0x01,0x00,0x00,0x00,0x00,  // Descriptor type:    0x24 (CS_I
             -NTERFACE)
 155                                                // Descriptor subtype: 0x04 (VS_FORMAT_UNCOMPRESSED)                              
 156                                                // NumFrameDescriptor: 0x05 (5 frams descriptors)
 157                                                                                      // guidFormat:         3259555
             -9-0000-0010-8000-00aa00389b71 (bit5~20)
 158                                                                                      // bBitsPerPixel:      16 (bit
             - 21) 0x10
 159          */
 160          
 161          
 162          
 163            0x1E,0x24,0x05,0x01,0x00,0x80,0x02,0xE0,0x01,0x00,0x00,0xB8,0x0B,0x00,0x00, // Class-specific VS frame de
             -scriptor
 164            0xB8,0x0B,0x00,0x60,0x09,0x00,0x15,0x16,0x05,0x00,0x01,0x15,0x16,0x05,0x00,  // Descriptor type:    0x24 
C51 COMPILER V9.00   USBDESCRIPTOR                                                         01/22/2014 12:07:26 PAGE 4   

             -(CS_INTERFACE)
 165                                                     // Descriptor subtype: 0x05 (VS_FRAME_UNCOMPRESSED)
 166                                                   // 1st frame descriptor
 167            
 168            0x1E,0x24,0x05,0x02,0x00,0x60,0x01,0x20,0x01,0x00,0x00,0xB8,0x0B,0x00,0x00, // Class-specific VS frame de
             -scriptor
 169            0xB8,0x0B,0x00,0x18,0x03,0x00,0x15,0x16,0x05,0x00,0x01,0x15,0x16,0x05,0x00,  // Descriptor type:    0x24 
             -(CS_INTERFACE)
 170                                                     // Descriptor subtype: 0x05 (VS_FRAME_UNCOMPRESSED)
 171                                                   // 2nd frame descriptor
 172            
 173            0x1E,0x24,0x05,0x03,0x00,0x40,0x01,0xF0,0x00,0x00,0x00,0xB8,0x0B,0x00,0x00, // Class-specific VS frame de
             -scriptor
 174            0xB8,0x0B,0x00,0x58,0x02,0x00,0x15,0x16,0x05,0x00,0x01,0x15,0x16,0x05,0x00,  // Descriptor type:    0x24 
             -(CS_INTERFACE)
 175                                                     // Descriptor subtype: 0x05 (VS_FRAME_UNCOMPRESSED)
 176                                                   // 3rd frame descriptor
 177             
 178              0x1E,0x24,0x05,0x04,0x00,0xB0,0x00,0x90,0x00,0x00,0x00,0xB8,0x0B,0x00,0x00,  //   Class-specific VS fr
             -ame descriptor
 179              0xB8,0x0B,0x00,0xC6,0x00,0x00,0x15,0x16,0x05,0x00,0x01,0x15,0x16,0x05,0x00,  // Descriptor type:    0x
             -24 (CS_INTERFACE)
 180                                                     // Descriptor subtype: 0x05 (VS_FRAME_UNCOMPRESSED)
 181                                                   // 4th frame descriptor
 182          
 183            0x1E,0x24,0x05,0x05,0x00,0xA0,0x00,0x78,0x00,0x00,0x00,0xB8,0x0B,0x00,0x00, // Class-specific VS frame de
             -scriptor
 184            0xB8,0x0B,0x00,0x96,0x00,0x00,0x15,0x16,0x05,0x00,0x01,0x15,0x16,0x05,0x00,  // Descriptor type:    0x24 
             -(CS_INTERFACE)
 185                                                     // Descriptor subtype: 0x05 (VS_FRAME_UNCOMPRESSED)
 186                                                   // 5th frame descriptor
 187            
 188            0x1A,0x24,0x03,0x00,0x05,0x80,0x02,0xE0,0x01,0x60,0x01,0x20,0x01, // Class-specific Still Image descripto
             -r
 189            0x40,0x01,0xF0,0x00,0xB0,0x00,0x90,0x00,0xA0,0x00,0x78,0x00,0x00,  // Descriptor type:    0x24 (CS_INTERF
             -ACE)
 190                                               // Descriptor subtype: 0x03 (VS_STILL_IMAGE_FRAME)
 191                                                 // EndpointAdress:     0x00 (still image capture method 2 set to zero)
 192          
 193          
 194            
 195            0x06,0x24,0x0D,0x00,0x00,0x00,   //Class-specific color matching descriptor
 196                              // Descriptor type:    0x24 (CS_INTERFACE)
 197                                  // Descriptor subtype: 0x0D (VS_COLORFORMAT)
 198          
 199          
 200            0x09,0x04,0x01,0x01,0x01,0x0E,0x02,0x00,0x00,  //Standard VS interface Descriptor (Alternate Setting 1)
 201                                    // Descriptor type:   INTERFACE
 202                                    // InterfaceNumber:   0x01 (index of this interface)
 203                                    // AlternateSetting:  0x01 (index of this Alternate Setting)
 204                                    // NumEndpoint:       0x01
 205                                    // InterfaceClass:    0x0E (CC_VIDEO)
 206                                    // InterfaceSubClass: 0x02 (SC_VIDEOSTREAMING)
 207          
 208            
 209            0x07,0x05,0x86,0x05,0x80,0x00,0x01,   // Standard VS isochronous video data endpoint descriptor
 210                                 // Descriptor type:   0x05 (ENDPOINT)
 211                                 // EndpointAddress:   0x82== (IN endpoint 2)
 212                                 // Attributes:        0x05 (Isochronous transfer type)               
 213          
 214            
 215            0x09,0x04,0x01,0x02,0x01,0x0E,0x02,0x00,0x00,  //Standard VS interface Descriptor (Alternate Setting 1)
C51 COMPILER V9.00   USBDESCRIPTOR                                                         01/22/2014 12:07:26 PAGE 5   

 216                                    // Descriptor type:   INTERFACE
 217                                    // InterfaceNumber:   0x01 (index of this interface)
 218                                    // AlternateSetting:  0x02 (index of this Alternate Setting)
 219                                    // NumEndpoint:       0x01
 220                                    // InterfaceClass:    0x0E (CC_VIDEO)
 221                                    // InterfaceSubClass: 0x02 (SC_VIDEOSTREAMING)
 222            
 223            0x07,0x05,0x86,0x05,0x00,0x02,0x01,  // Standard VS isochronous video data endpoint descriptor
 224                                 // Descriptor type:   0x05 (ENDPOINT)
 225                                 // EndpointAddress:   0x82== (IN endpoint 2)
 226                                 // Attributes:        0x05 (Isochronous transfer type)
 227            
 228            0x09,0x04,0x01,0x03,0x01,0x0E,0x02,0x00,0x00,  //Standard VS interface Descriptor (Alternate Setting 1)
 229                                    // Descriptor type:   INTERFACE
 230                                    // InterfaceNumber:   0x01 (index of this interface)
 231                                    // AlternateSetting:  0x03 (index of this Alternate Setting)
 232                                    // NumEndpoint:       0x01
 233                                    // InterfaceClass:    0x0E (CC_VIDEO)
 234                                    // InterfaceSubClass: 0x02 (SC_VIDEOSTREAMING)
 235            
 236            0x07,0x05,0x86,0x05,0x00,0x04,0x01,  // Standard VS isochronous video data endpoint descriptor
 237                                 // Descriptor type:   0x05 (ENDPOINT)
 238                                 // EndpointAddress:   0x82== (IN endpoint 2)
 239                                 // Attributes:        0x05 (Isochronous transfer type)
 240            
 241            0x09,0x04,0x01,0x04,0x01,0x0E,0x02,0x00,0x00,  //Standard VS interface Descriptor (Alternate Setting 1)
 242                                    // Descriptor type:   INTERFACE
 243                                    // InterfaceNumber:   0x01 (index of this interface)
 244                                    // AlternateSetting:  0x04 (index of this Alternate Setting)
 245                                    // NumEndpoint:       0x01
 246                                    // InterfaceClass:    0x0E (CC_VIDEO)
 247                                    // InterfaceSubClass: 0x02 (SC_VIDEOSTREAMING)
 248            
 249            0x07,0x05,0x86,0x05,0x00,0x0B,0x01,  // Standard VS isochronous video data endpoint descriptor
 250                                 // Descriptor type:   0x05 (ENDPOINT)
 251                                 // EndpointAddress:   0x82 ==(IN endpoint 2)
 252                                 // Attributes:        0x05 (Isochronous transfer type)
 253            
 254            0x09,0x04,0x01,0x05,0x01,0x0E,0x02,0x00,0x00, //Standard VS interface Descriptor (Alternate Setting 1)
 255                                    // Descriptor type:   INTERFACE
 256                                    // InterfaceNumber:   0x01 (index of this interface)
 257                                    // AlternateSetting:  0x05 (index of this Alternate Setting)
 258                                    // NumEndpoint:       0x01
 259                                    // InterfaceClass:    0x0E (CC_VIDEO)
 260                                    // InterfaceSubClass: 0x02 (SC_VIDEOSTREAMING)
 261            
 262            0x07,0x05,0x86,0x05,0x00,0x0C,0x01,   // Standard VS isochronous video data endpoint descriptor
 263                                 // Descriptor type:   0x05 (ENDPOINT)
 264                                 // EndpointAddress:   0x82 ==(IN endpoint 2)
 265                                 // Attributes:        0x05 (Isochronous transfer type)
 266            
 267            0x09,0x04,0x01,0x06,0x01,0x0E,0x02,0x00,0x00,  //Standard VS interface Descriptor (Alternate Setting 1)
 268                                    // Descriptor type:   INTERFACE
 269                                    // InterfaceNumber:   0x01 (index of this interface)
 270                                    // AlternateSetting:  0x06 (index of this Alternate Setting)
 271                                    // NumEndpoint:       0x01
 272                                    // InterfaceClass:    0x0E (CC_VIDEO)
 273                                    // InterfaceSubClass: 0x02 (SC_VIDEOSTREAMING)
 274            
 275            0x07,0x05,0x86,0x05,0x80,0x13,0x01,  // Standard VS isochronous video data endpoint descriptor
 276                                 // Descriptor type:   0x05 (ENDPOINT)
 277                                 // EndpointAddress:   0x82 ==(IN endpoint 2)
C51 COMPILER V9.00   USBDESCRIPTOR                                                         01/22/2014 12:07:26 PAGE 6   

 278                                 // Attributes:        0x05 (Isochronous transfer type)
 279            
 280            0x09,0x04,0x01,0x07,0x01,0x0E,0x02,0x00,0x00,  //Standard VS interface Descriptor (Alternate Setting 1)
 281                                    // Descriptor type:   INTERFACE
 282                                    // InterfaceNumber:   0x01 (index of this interface)
 283                                    // AlternateSetting:  0x07 (index of this Alternate Setting)
 284                                    // NumEndpoint:       0x01
 285                                    // InterfaceClass:    0x0E (CC_VIDEO)
 286                                    // InterfaceSubClass: 0x02 (SC_VIDEOSTREAMING)
 287            
 288            0x07,0x05,0x86,0x05,0x00,0x14,0x01,  // Standard VS isochronous video data endpoint descriptor
 289                                 // Descriptor type:   0x05 (ENDPOINT)
 290                                 // EndpointAddress:   0x82 ==(IN endpoint 2)
 291                                 // Attributes:        0x05 (Isochronous transfer type)
 292          
 293            
 294          
 295           // Audio
 296            0x08,0x0B,0x02,0x02,0x01,0x02,0x00,0x03,  //  Descriptor type:   INTERFACE
 297                                   // InterfaceNumber:   0x02 (Index of this interface)
 298                                   // AlternateSetting:  0x00
 299            
 300            0x09,0x04,0x02,0x00,0x00,0x01,0x01,0x00,0x03, // USB Microphone Standard AC Interface descriptor
 301                                                             // Descriptor type:   INTERFACE
 302                                     // InterfaceNumber:   0x02 (Index of this interface)
 303                                     // AlternateSetting:  0x00
 304                                     // InterfaceClass:    0x01 (Audio) 
 305                                     // InterfaceSubClass: 0x01 (AUDIO_CINTROL)
 306                                     // NumEndpoint:     0x00 
 307            
 308            0x09,0x24,0x01,0x00,0x01,0x27,0x00,0x01 ,0x03,  // USB Microphone Class-specific AC Interface Descriptor
 309                                       // Descriptor type:               CS_INTERFACE
 310                                     // Descriptor subtype:            HEADER
 311                                     // Number of Streaming Interface: 0x01
 312                                      
 313            
 314            0x0C,0x24,0x02,0x01,0x01,0x02,0x00,0x01,0x00,0x00,0x00,0x00,// USB Microphone Input Terminal Descriptor
 315                                                                         // Descriptor type:       0x24 (CS_INTERFACE
             -)
 316                                                 // Descriptor subtype:    0x02 (INPUT_TERMINAL)
 317                                           // TerminalType:      0x0201 (Microphone)
 318                                           // TerminalId:        0x01
 319            
 320            0x09,0x24,0x06,0x02,0x01,0x01,0x00,0x03,0x00, // FEATURE_UNIT Descriptor
 321                                                             // Descriptor type:       0x24 (CS_INTERFACE)
 322                                     // Descriptor subtype:    0x06 (FEATURE_UNIT)
 323                                     // UnitId:          0x02
 324                                    
 325          
 326            
 327            0x09,0x24,0x03,0x03,0x01,0x01,0x01,0x02,0x00, // USB Microphone Output Terminal Descriptor
 328                                                            // Descriptor type:       0x24 (CS_INTERFACE)
 329                                    // Descriptor subtype:    0x03 (OUTPUT_TERMINAL)
 330                                    // TerminalId:        0x03
 331                                    
 332            
 333            0x09,0x04,0x03,0x00,0x00,0x01,0x02,0x00,0x00,   // USB Microphone Standard AS Interface Descriptor (Alt. 
             -Set. 0) 
 334                                                             // Descriptor type:   INTERFACE
 335                                     // InterfaceNumber:   0x03 (Index of this interface)
 336                                     // AlternateSetting:  0x00
 337                                     // InterfaceClass:    0x01 (AUDIO) 
C51 COMPILER V9.00   USBDESCRIPTOR                                                         01/22/2014 12:07:26 PAGE 7   

 338                                     // InterfaceSubClass: 0x02 (AUDIO_STREAMING)
 339                                     // NumEndpoint:     0x00 
 340            
 341            0x09,0x04,0x03,0x01,0x01,0x01,0x02,0x00,0x00, // USB Microphone Standard AS Interface Descriptor (Alt. Se
             -t. 1) 
 342                                                            // Descriptor type:   INTERFACE
 343                                    // InterfaceNumber:   0x03  (Index of this interface)
 344                                    // AlternateSetting:  0x01
 345                                    // InterfaceClass:    0x01 (AUDIO) 
 346                                    // InterfaceSubClass: 0x02 (AUDIO_STREAMING)
 347                                    // NumEndpoint:    0x01
 348            
 349            0x07,0x24,0x01,0x03,0x01,0x01,0x00,        // USB Microphone Class-specific AS General Interface Descriptor
 350                                                            // Descriptor type:   0x24 (CS_INTERFACE)
 351                                    // DescriptorSubType: 0x01 (GENERAL)
 352                                  
 353            
 354            0x1D,0x24,0x02,0x01,0x01,0x02,0x10,0x07,0x40,0x1F,0x00,0x11,0x2B,0x00,0x80,  // USB Microphone Type I For
             -mat Type Descriptor
 355            0x3E,0x00,0x22,0x56,0x00,0x00,0x7D,0x00,0x44,0xAC,0x00,0x80,0xBB,0x00,          // Descriptor type:   0x2
             -4 (CS_INTERFACE)
 356                                                                    // DescriptorSubType: 0x02 (FORMAT_TYPE_I)
 357          
 358            
 359            
 360            0x09,0x05,0x85,0x01,0x62,0x00,0x04,0x00,0x00,  // USB Microphone Standard Endpoint Descriptor 
 361                                                            // Descriptor type:   Endpoint
 362                                    // EndpointAdress:    0x83== (IN endpoint 3)
 363                                    // Attributes:        0x01 (iso)
 364            
 365            0x07,0x25,0x01,0x01,0x00,0x00,0x00        // Descriptor type:    CS_Endpoint
 366                                    // DescriptorSubType:  0x01 (GENERAL)
 367                                    
 368          };
 369           
 370           


MODULE INFORMATION:   STATIC OVERLAYABLE
   CODE SIZE        =   ----    ----
   CONSTANT SIZE    =    699    ----
   XDATA SIZE       =   ----    ----
   PDATA SIZE       =   ----    ----
   DATA SIZE        =   ----    ----
   IDATA SIZE       =   ----    ----
   BIT SIZE         =   ----    ----
END OF MODULE INFORMATION.


C51 COMPILATION COMPLETE.  0 WARNING(S),  0 ERROR(S)
